------------------------------------------------------------
TimeQuest Timing Analyzer Summary
------------------------------------------------------------

Type  : Slow 1200mV 85C Model Setup 'CLK_IN'
Slack : -1.913
TNS   : -30.911

Type  : Slow 1200mV 85C Model Setup 'CLK60hz:inst2|auxiliar'
Slack : -1.041
TNS   : -5.505

Type  : Slow 1200mV 85C Model Hold 'CLK_IN'
Slack : -0.051
TNS   : -0.051

Type  : Slow 1200mV 85C Model Hold 'CLK60hz:inst2|auxiliar'
Slack : 0.359
TNS   : 0.000

Type  : Slow 1200mV 85C Model Minimum Pulse Width 'CLK_IN'
Slack : -3.000
TNS   : -23.000

Type  : Slow 1200mV 85C Model Minimum Pulse Width 'CLK60hz:inst2|auxiliar'
Slack : -1.000
TNS   : -6.000

Type  : Slow 1200mV 0C Model Setup 'CLK_IN'
Slack : -1.616
TNS   : -25.282

Type  : Slow 1200mV 0C Model Setup 'CLK60hz:inst2|auxiliar'
Slack : -0.825
TNS   : -4.224

Type  : Slow 1200mV 0C Model Hold 'CLK_IN'
Slack : -0.011
TNS   : -0.011

Type  : Slow 1200mV 0C Model Hold 'CLK60hz:inst2|auxiliar'
Slack : 0.320
TNS   : 0.000

Type  : Slow 1200mV 0C Model Minimum Pulse Width 'CLK_IN'
Slack : -3.000
TNS   : -23.000

Type  : Slow 1200mV 0C Model Minimum Pulse Width 'CLK60hz:inst2|auxiliar'
Slack : -1.000
TNS   : -6.000

Type  : Fast 1200mV 0C Model Setup 'CLK_IN'
Slack : -0.662
TNS   : -9.280

Type  : Fast 1200mV 0C Model Setup 'CLK60hz:inst2|auxiliar'
Slack : -0.148
TNS   : -0.651

Type  : Fast 1200mV 0C Model Hold 'CLK_IN'
Slack : -0.100
TNS   : -0.100

Type  : Fast 1200mV 0C Model Hold 'CLK60hz:inst2|auxiliar'
Slack : 0.193
TNS   : 0.000

Type  : Fast 1200mV 0C Model Minimum Pulse Width 'CLK_IN'
Slack : -3.000
TNS   : -24.127

Type  : Fast 1200mV 0C Model Minimum Pulse Width 'CLK60hz:inst2|auxiliar'
Slack : -1.000
TNS   : -6.000

------------------------------------------------------------
